<?xml version="1.0" encoding="UTF-8"?>
<testsuites name="jest tests" tests="5" failures="0" time="6.342">
  <testsuite name="AppController" errors="0" failures="0" skipped="0" timestamp="2020-04-18T13:33:38" time="1.936" tests="1">
    <testcase classname="AppController root should return &quot;Hello World!&quot;" name="AppController root should return &quot;Hello World!&quot;" time="0.012">
    </testcase>
  </testsuite>
  <testsuite name="EventUserResolver" errors="0" failures="0" skipped="0" timestamp="2020-04-18T13:33:38" time="3.886" tests="1">
    <testcase classname="EventUserResolver should be defined" name="EventUserResolver should be defined" time="0.011">
    </testcase>
  </testsuite>
  <testsuite name="EventService" errors="0" failures="0" skipped="0" timestamp="2020-04-18T13:33:38" time="3.895" tests="1">
    <testcase classname="EventService should be defined" name="EventService should be defined" time="0.014">
    </testcase>
  </testsuite>
  <testsuite name="EventResolver" errors="0" failures="0" skipped="0" timestamp="2020-04-18T13:33:38" time="3.907" tests="1">
    <testcase classname="EventResolver should be defined" name="EventResolver should be defined" time="0.011">
    </testcase>
  </testsuite>
  <testsuite name="EventUserService" errors="0" failures="0" skipped="0" timestamp="2020-04-18T13:33:38" time="5.973" tests="1">
    <testcase classname="EventUserService should be defined" name="EventUserService should be defined" time="0.012">
    </testcase>
  </testsuite>
</testsuites>